Microchip MPLAB XC8 Compiler V2.10 ()

Linker command line:

-W-3 --edf=C:\Program Files (x86)\Microchip\xc8\v2.10\pic\dat\en_msgs.txt \
  -cs -h+dist/default/production\I2C_master.X.production.sym \
  --cmf=dist/default/production\I2C_master.X.production.cmf -z -Q18F25K50 \
  -oC:\Users\25691\AppData\Local\Temp\sc70.2 --defsym=__MPLAB_BUILD=1 \
  -Mdist/default/production/I2C_master.X.production.map -E1 -ver=XC8 \
  --acfsm=1493 -ASTACK=060h-07FFh -pstack=STACK -ACODE=01000h-07FFFh \
  -ACONST=01000h-07FFFh -ASMALLCONST=01000h-010FFhx112 \
  -AMEDIUMCONST=01000h-07FFFh -ACOMRAM=01h-05Fh -AABS1=00h-07FFh \
  -ABIGRAM=01h-07FFh -ARAM=060h-0FFh,0100h-01FFhx7 -ABANK0=060h-0FFh \
  -ABANK1=0100h-01FFh -ABANK2=0200h-02FFh -ABANK3=0300h-03FFh \
  -ABANK4=0400h-04FFh -ABANK5=0500h-05FFh -ABANK6=0600h-06FFh \
  -ABANK7=0700h-07FFh -ASFR=0F53h-0F5Fh,0F60h-0FFFh \
  -preset_vec=01000h,intcode=01008h,intcodelo,powerup,init -pramtop=0800h \
  -psmallconst=SMALLCONST -pmediumconst=MEDIUMCONST -pconst=CONST \
  -AFARRAM=00h-00h -ACONFIG=0300000h-030000Dh -pconfig=CONFIG \
  -AIDLOC=0200000h-0200007h -pidloc=IDLOC -AEEDATA=0F00000h-0F000FFh \
  -peeprom_data=EEDATA \
  -prdata=COMRAM,nvrram=COMRAM,nvbit=COMRAM,rbss=COMRAM,rbit=COMRAM \
  -pfarbss=FARRAM,fardata=FARRAM,nvFARRAM=FARRAM \
  -pintsave_regs=BIGRAM,bigbss=BIGRAM,bigdata=BIGRAM -pbss=RAM \
  -pidata=CODE,irdata=CODE,ibigdata=CODE,ifardata=CODE -prparam=COMRAM \
  C:\Users\25691\AppData\Local\Temp\sc70.o \
  dist/default/production\I2C_master.X.production.o 

Object code version is 3.11

Machine type is 18F25K50

Call graph: (short form)




                Name                               Link     Load   Length Selector   Space Scale
C:\Users\25691\AppData\Local\Temp\sc70.o
                init                               1022     1022        4      804       0
                reset_vec                          1000     1000        4      800       0
                idloc                            200000   200000        8   200000       0
                config                           300000   300000        E   300000       0
dist/default/production\I2C_master.X.production.o
                intcode                            1008     1008       1A      804       0
                temp                                  6        6        1        1       1
                text6                              1026     1026       7A      804       0
                text5                              113C     113C       2C      804       0
                text4                              1190     1190       28      804       0
                text3                              1168     1168       28      804       0
                text2                              1110     1110       2C      804       0
                text1                              11B8     11B8       1A      804       0
                text0                              10A0     10A0       70      804       0
                cstackCOMRAM                          1        1        5        1       1
                cinit                              11D2     11D2        A      804       0

TOTAL           Name                               Link     Load   Length     Space
        CLASS   STACK          

        CLASS   CODE           
                intcode                            1008     1008       1A         0
                init                               1022     1022        4         0
                reset_vec                          1000     1000        4         0
                text6                              1026     1026       7A         0
                text5                              113C     113C       2C         0
                text4                              1190     1190       28         0
                text3                              1168     1168       28         0
                text2                              1110     1110       2C         0
                text1                              11B8     11B8       1A         0
                text0                              10A0     10A0       70         0
                cinit                              11D2     11D2        A         0

        CLASS   CONST          

        CLASS   SMALLCONST     

        CLASS   MEDIUMCONST    

        CLASS   COMRAM         
                temp                                  6        6        1         1
                cstackCOMRAM                          1        1        5         1

        CLASS   ABS1           

        CLASS   BIGRAM         

        CLASS   RAM            

        CLASS   BANK0          

        CLASS   BANK1          

        CLASS   BANK2          

        CLASS   BANK3          

        CLASS   BANK4          

        CLASS   BANK5          

        CLASS   BANK6          

        CLASS   BANK7          

        CLASS   SFR            

        CLASS   FARRAM         

        CLASS   CONFIG         
                config                           300000   300000        E         0

        CLASS   IDLOC          
                idloc                            200000   200000        8         0

        CLASS   EEDATA         



SEGMENTS        Name                           Load    Length   Top    Selector   Space  Class

                cstackCOMRAM                   000001  000006  000007         1       1  COMRAM  
                reset_vec                      001000  000004  001004       800       0  CODE    
                intcode                        001008  0001D4  0011DC       804       0  CODE    
                idloc                          200000  000008  200008    200000       0  IDLOC   
                config                         300000  00000E  30000E    300000       0  CONFIG  


UNUSED ADDRESS RANGES

        Name                Unused          Largest block    Delta
        BANK0            000060-0000FF               A0
        BANK1            000100-0001FF              100
        BANK2            000200-0002FF              100
        BANK3            000300-0003FF              100
        BANK4            000400-0004FF              100
        BANK5            000500-0005FF              100
        BANK6            000600-0006FF              100
        BANK7            000700-0007FF              100
        BIGRAM           000007-0007FF              7F9
        CODE             001004-001007                4
                         0011DC-007FFF             6E24
        COMRAM           000007-00005F               59
        CONST            001004-001007                4
                         0011DC-007FFF             6E24
        EEDATA           F00000-F000FF              100
        FARRAM           000000-000000                1
        MEDIUMCONST      001004-001007                4
                         0011DC-007FFF             6E24
        RAM              000060-0007FF              100
        SFR              000F53-000FFF                D
        SMALLCONST       001004-001007                4
                         0011DC-007FFF              100
        STACK            000060-0007FF              7A0

                                  Symbol Table

I2C_master_Rx@temp         cstackCOMRAM 000002
I2C_master_Tx@data         cstackCOMRAM 000002
_ADCON1                    (abs)        000FC1
_ANSELA                    (abs)        000F5B
_CM1CON0                   (abs)        000F98
_I2C_master_Rx             text6        001026
_I2C_master_Tx             text5        00113C
_I2C_master_start          text4        001190
_I2C_master_stop           text3        001168
_INTCONbits                (abs)        000FF2
_LATA                      (abs)        000F89
_LATB                      (abs)        000F8A
_LATBbits                  (abs)        000F8A
_LATC                      (abs)        000F8B
_LATCbits                  (abs)        000F8B
_PIE1bits                  (abs)        000F9D
_PIR1bits                  (abs)        000F9E
_SSPADD                    (abs)        000FC8
_SSPBUF                    (abs)        000FC9
_SSPCON1                   (abs)        000FC6
_SSPCON2                   (abs)        000FC5
_SSPCON2bits               (abs)        000FC5
_SSPSTAT                   (abs)        000FC7
_TRISA                     (abs)        000F92
_TRISB                     (abs)        000F93
_TRISBbits                 (abs)        000F93
_TRISC                     (abs)        000F94
__HRAM                     (abs)        000000
__Habs1                    abs1         000000
__Hbank0                   bank0        000000
__Hbank1                   bank1        000000
__Hbank2                   bank2        000000
__Hbank3                   bank3        000000
__Hbank4                   bank4        000000
__Hbank5                   bank5        000000
__Hbank6                   bank6        000000
__Hbank7                   bank7        000000
__Hbigbss                  bigbss       000000
__Hbigdata                 bigdata      000000
__Hbigram                  bigram       000000
__Hbss                     bss          000000
__Hcinit                   cinit        000000
__Hclrtext                 clrtext      000000
__Hcomram                  comram       000000
__Hconfig                  config       30000E
__Hconst                   const        000000
__HcstackCOMRAM            cstackCOMRAM 000000
__Hdata                    data         000000
__Heeprom_data             eeprom_data  000000
__Hfarbss                  farbss       000000
__Hfardata                 fardata      000000
__Hibigdata                ibigdata     000000
__Hidata                   idata        000000
__Hidloc                   idloc        200008
__Hifardata                ifardata     000000
__Hinit                    init         001026
__Hintcode                 intcode      001022
__Hintcode_body            intcode_body 000000
__Hintcodelo               intcodelo    001022
__Hintentry                intentry     000000
__Hintret                  intret       000000
__Hintsave_regs            intsave_regs 000000
__Hirdata                  irdata       000000
__Hmediumconst             mediumconst  000000
__HnvFARRAM                nvFARRAM     000000
__Hnvbit                   nvbit        000000
__Hnvrram                  nvrram       000000
__Hparam                   rparam       000000
__Hpowerup                 powerup      001022
__Hram                     ram          000000
__Hramtop                  ramtop       000800
__Hrbit                    rbit         000000
__Hrbss                    rbss         000000
__Hrdata                   rdata        000000
__Hreset_vec               reset_vec    001004
__Hrparam                  rparam       000000
__Hsfr                     sfr          000000
__Hsmallconst              smallconst   000000
__Hspace_0                 (abs)        30000E
__Hspace_1                 (abs)        000007
__Hspace_2                 (abs)        000000
__Hstack                   stack        000000
__Hstruct                  struct       000000
__Htemp                    temp         000007
__Htext                    text         000000
__Htext0                   text0        000000
__Htext1                   text1        000000
__Htext2                   text2        000000
__Htext3                   text3        000000
__Htext4                   text4        000000
__Htext5                   text5        000000
__Htext6                   text6        000000
__LRAM                     (abs)        000001
__Labs1                    abs1         000000
__Lbank0                   bank0        000000
__Lbank1                   bank1        000000
__Lbank2                   bank2        000000
__Lbank3                   bank3        000000
__Lbank4                   bank4        000000
__Lbank5                   bank5        000000
__Lbank6                   bank6        000000
__Lbank7                   bank7        000000
__Lbigbss                  bigbss       000000
__Lbigdata                 bigdata      000000
__Lbigram                  bigram       000000
__Lbss                     bss          000000
__Lcinit                   cinit        000000
__Lclrtext                 clrtext      000000
__Lcomram                  comram       000000
__Lconfig                  config       300000
__Lconst                   const        000000
__LcstackCOMRAM            cstackCOMRAM 000000
__Ldata                    data         000000
__Leeprom_data             eeprom_data  000000
__Lfarbss                  farbss       000000
__Lfardata                 fardata      000000
__Libigdata                ibigdata     000000
__Lidata                   idata        000000
__Lidloc                   idloc        200000
__Lifardata                ifardata     000000
__Linit                    init         001022
__Lintcode                 intcode      001008
__Lintcode_body            intcode_body 000000
__Lintcodelo               intcodelo    001022
__Lintentry                intentry     000000
__Lintret                  intret       000000
__Lintsave_regs            intsave_regs 000000
__Lirdata                  irdata       000000
__Lmediumconst             mediumconst  000000
__LnvFARRAM                nvFARRAM     000000
__Lnvbit                   nvbit        000000
__Lnvrram                  nvrram       000000
__Lparam                   rparam       000000
__Lpowerup                 powerup      001022
__Lram                     ram          000000
__Lramtop                  ramtop       000800
__Lrbit                    rbit         000000
__Lrbss                    rbss         000000
__Lrdata                   rdata        000000
__Lreset_vec               reset_vec    001000
__Lrparam                  rparam       000000
__Lsfr                     sfr          000000
__Lsmallconst              smallconst   000000
__Lspace_0                 (abs)        000000
__Lspace_1                 (abs)        000000
__Lspace_2                 (abs)        000000
__Lstack                   stack        000000
__Lstruct                  struct       000000
__Ltemp                    temp         000006
__Ltext                    text         000000
__Ltext0                   text0        000000
__Ltext1                   text1        000000
__Ltext2                   text2        000000
__Ltext3                   text3        000000
__Ltext4                   text4        000000
__Ltext5                   text5        000000
__Ltext6                   text6        000000
__S0                       (abs)        30000E
__S1                       (abs)        000007
__S2                       (abs)        000000
___inthi_sp                stack        000000
___intlo_sp                stack        000000
___param_bank              (abs)        000000
___rparam_used             (abs)        000001
___sp                      stack        000000
__accesstop                (abs)        000060
__activetblptr             (abs)        000000
__end_of_I2C_master_Rx     text6        0010A0
__end_of_I2C_master_Tx     text5        001168
__end_of_I2C_master_start  text4        0011B8
__end_of_I2C_master_stop   text3        001190
__end_of__initialization   cinit        0011D2
__end_of_high_ISR          intcode      001022
__end_of_init_Chip         text2        00113C
__end_of_init_I2C          text1        0011D2
__end_of_main              text0        001110
__initialization           cinit        0011D2
__mediumconst              mediumconst  000000
__pcinit                   cinit        0011D2
__pcstackCOMRAM            cstackCOMRAM 000001
__pintcode                 intcode      001008
__ptext0                   text0        0010A0
__ptext1                   text1        0011B8
__ptext2                   text2        001110
__ptext3                   text3        001168
__ptext4                   text4        001190
__ptext5                   text5        00113C
__ptext6                   text6        001026
__ramtop                   ramtop       000800
__size_of_I2C_master_Rx    (abs)        000000
__size_of_I2C_master_Tx    (abs)        000000
__size_of_I2C_master_start (abs)        000000
__size_of_I2C_master_stop  (abs)        000000
__size_of_high_ISR         (abs)        000000
__size_of_init_Chip        (abs)        000000
__size_of_init_I2C         (abs)        000000
__size_of_main             (abs)        000000
__smallconst               smallconst   000000
_high_ISR                  intcode      001008
_init_Chip                 text2        001110
_init_I2C                  text1        0011B8
_main                      text0        0010A0
btemp                      temp         000006
end_of_initialization      cinit        0011D2
int$flags                  temp         000006
intlevel0                  text         000000
intlevel1                  text         000000
intlevel2                  text         000000
intlevel3                  text         000000
main@data                  cstackCOMRAM 000005
stackhi                    (abs)        0007FF
stacklo                    (abs)        000060
start                      init         001022
start_initialization       cinit        0011D2
ttemp5                     temp         000007
ttemp6                     temp         00000A
ttemp7                     temp         00000E
wtemp8                     temp         000007


FUNCTION INFORMATION:

 *************** function _main *****************
 Defined at:
		line 30 in file "I2C_master.c"
 Parameters:    Size  Location     Type
		None
 Auto vars:     Size  Location     Type
  data            1    4[COMRAM] unsigned char 
 Return value:  Size  Location     Type
                  1    wreg      void 
 Registers used:
		wreg, status,2, status,0, cstack
 Tracked objects:
		On entry : 
		On exit  : 
		Unchanged: 
 Data sizes:     COMRAM   BANK0   BANK1   BANK2   BANK3   BANK4   BANK5   BANK6   BANK7
      Params:         0       0       0       0       0       0       0       0       0
      Locals:         1       0       0       0       0       0       0       0       0
      Temps:          2       0       0       0       0       0       0       0       0
      Totals:         3       0       0       0       0       0       0       0       0
Total ram usage:        3 bytes
 Hardware stack levels required when called:    2
 This function calls:
		_I2C_master_Rx
		_I2C_master_Tx
		_I2C_master_start
		_I2C_master_stop
		_init_Chip
		_init_I2C
 This function is called by:
		Startup code after reset
 This function uses a non-reentrant model


 *************** function _init_I2C *****************
 Defined at:
		line 90 in file "I2C_master.c"
 Parameters:    Size  Location     Type
		None
 Auto vars:     Size  Location     Type
		None
 Return value:  Size  Location     Type
                  1    wreg      void 
 Registers used:
		wreg, status,2
 Tracked objects:
		On entry : 
		On exit  : 
		Unchanged: 
 Data sizes:     COMRAM   BANK0   BANK1   BANK2   BANK3   BANK4   BANK5   BANK6   BANK7
      Params:         0       0       0       0       0       0       0       0       0
      Locals:         0       0       0       0       0       0       0       0       0
      Temps:          0       0       0       0       0       0       0       0       0
      Totals:         0       0       0       0       0       0       0       0       0
Total ram usage:        0 bytes
 Hardware stack levels used:    1
 Hardware stack levels required when called:    1
 This function calls:
		Nothing
 This function is called by:
		_main
 This function uses a non-reentrant model


 *************** function _init_Chip *****************
 Defined at:
		line 75 in file "I2C_master.c"
 Parameters:    Size  Location     Type
		None
 Auto vars:     Size  Location     Type
		None
 Return value:  Size  Location     Type
                  1    wreg      void 
 Registers used:
		wreg, status,2
 Tracked objects:
		On entry : 
		On exit  : 
		Unchanged: 
 Data sizes:     COMRAM   BANK0   BANK1   BANK2   BANK3   BANK4   BANK5   BANK6   BANK7
      Params:         0       0       0       0       0       0       0       0       0
      Locals:         0       0       0       0       0       0       0       0       0
      Temps:          0       0       0       0       0       0       0       0       0
      Totals:         0       0       0       0       0       0       0       0       0
Total ram usage:        0 bytes
 Hardware stack levels used:    1
 Hardware stack levels required when called:    1
 This function calls:
		Nothing
 This function is called by:
		_main
 This function uses a non-reentrant model


 *************** function _I2C_master_stop *****************
 Defined at:
		line 122 in file "I2C_master.c"
 Parameters:    Size  Location     Type
		None
 Auto vars:     Size  Location     Type
		None
 Return value:  Size  Location     Type
                  1    wreg      void 
 Registers used:
		wreg, status,2, status,0
 Tracked objects:
		On entry : 
		On exit  : 
		Unchanged: 
 Data sizes:     COMRAM   BANK0   BANK1   BANK2   BANK3   BANK4   BANK5   BANK6   BANK7
      Params:         0       0       0       0       0       0       0       0       0
      Locals:         0       0       0       0       0       0       0       0       0
      Temps:          1       0       0       0       0       0       0       0       0
      Totals:         1       0       0       0       0       0       0       0       0
Total ram usage:        1 bytes
 Hardware stack levels used:    1
 Hardware stack levels required when called:    1
 This function calls:
		Nothing
 This function is called by:
		_main
 This function uses a non-reentrant model


 *************** function _I2C_master_start *****************
 Defined at:
		line 116 in file "I2C_master.c"
 Parameters:    Size  Location     Type
		None
 Auto vars:     Size  Location     Type
		None
 Return value:  Size  Location     Type
                  1    wreg      void 
 Registers used:
		wreg, status,2, status,0
 Tracked objects:
		On entry : 
		On exit  : 
		Unchanged: 
 Data sizes:     COMRAM   BANK0   BANK1   BANK2   BANK3   BANK4   BANK5   BANK6   BANK7
      Params:         0       0       0       0       0       0       0       0       0
      Locals:         0       0       0       0       0       0       0       0       0
      Temps:          1       0       0       0       0       0       0       0       0
      Totals:         1       0       0       0       0       0       0       0       0
Total ram usage:        1 bytes
 Hardware stack levels used:    1
 Hardware stack levels required when called:    1
 This function calls:
		Nothing
 This function is called by:
		_main
 This function uses a non-reentrant model


 *************** function _I2C_master_Tx *****************
 Defined at:
		line 109 in file "I2C_master.c"
 Parameters:    Size  Location     Type
  data            1    wreg     unsigned char 
 Auto vars:     Size  Location     Type
  data            1    1[COMRAM] unsigned char 
 Return value:  Size  Location     Type
                  1    wreg      void 
 Registers used:
		wreg, status,2, status,0
 Tracked objects:
		On entry : 
		On exit  : 
		Unchanged: 
 Data sizes:     COMRAM   BANK0   BANK1   BANK2   BANK3   BANK4   BANK5   BANK6   BANK7
      Params:         0       0       0       0       0       0       0       0       0
      Locals:         1       0       0       0       0       0       0       0       0
      Temps:          1       0       0       0       0       0       0       0       0
      Totals:         2       0       0       0       0       0       0       0       0
Total ram usage:        2 bytes
 Hardware stack levels used:    1
 Hardware stack levels required when called:    1
 This function calls:
		Nothing
 This function is called by:
		_main
 This function uses a non-reentrant model


 *************** function _I2C_master_Rx *****************
 Defined at:
		line 128 in file "I2C_master.c"
 Parameters:    Size  Location     Type
		None
 Auto vars:     Size  Location     Type
  temp            1    1[COMRAM] unsigned char 
 Return value:  Size  Location     Type
                  1    wreg      unsigned char 
 Registers used:
		wreg, status,2, status,0
 Tracked objects:
		On entry : 
		On exit  : 
		Unchanged: 
 Data sizes:     COMRAM   BANK0   BANK1   BANK2   BANK3   BANK4   BANK5   BANK6   BANK7
      Params:         0       0       0       0       0       0       0       0       0
      Locals:         1       0       0       0       0       0       0       0       0
      Temps:          1       0       0       0       0       0       0       0       0
      Totals:         2       0       0       0       0       0       0       0       0
Total ram usage:        2 bytes
 Hardware stack levels used:    1
 Hardware stack levels required when called:    1
 This function calls:
		Nothing
 This function is called by:
		_main
 This function uses a non-reentrant model


 *************** function _high_ISR *****************
 Defined at:
		line 146 in file "I2C_master.c"
 Parameters:    Size  Location     Type
		None
 Auto vars:     Size  Location     Type
		None
 Return value:  Size  Location     Type
                  1    wreg      void 
 Registers used:
		wreg, status,2, status,0
 Tracked objects:
		On entry : 
		On exit  : 
		Unchanged: 
 Data sizes:     COMRAM   BANK0   BANK1   BANK2   BANK3   BANK4   BANK5   BANK6   BANK7
      Params:         0       0       0       0       0       0       0       0       0
      Locals:         0       0       0       0       0       0       0       0       0
      Temps:          0       0       0       0       0       0       0       0       0
      Totals:         0       0       0       0       0       0       0       0       0
Total ram usage:        0 bytes
 Hardware stack levels used:    1
 This function calls:
		Nothing
 This function is called by:
		Interrupt level 2
 This function uses a non-reentrant model



MODULE INFORMATION

Module		Function		Class		Link	Load	Size
shared
		__initialization		CODE           	11D2	0000	1

shared estimated size: 1

I2C_master.c
		_main          		CODE           	10A0	0000	113
		_I2C_master_Rx 		CODE           	1026	0000	123
		_I2C_master_Tx 		CODE           	113C	0000	45
		_high_ISR      		CODE           	1008	0000	27
		_I2C_master_start		CODE           	1190	0000	41
		_I2C_master_stop		CODE           	1168	0000	41
		_init_I2C      		CODE           	11B8	0000	27
		_init_Chip     		CODE           	1110	0000	45

I2C_master.c estimated size: 462

