Microchip MPLAB XC8 Compiler V2.10 ()

Linker command line:

-W-3 --edf=C:\Program Files (x86)\Microchip\xc8\v2.10\pic\dat\en_msgs.txt \
  -cs -h+dist/default/production\I2C_slave.X.production.sym \
  --cmf=dist/default/production\I2C_slave.X.production.cmf -z -Q18F25K50 \
  -oC:\Users\25691\AppData\Local\Temp\scb8.2 --defsym=__MPLAB_BUILD=1 \
  -Mdist/default/production/I2C_slave.X.production.map -E1 -ver=XC8 \
  --acfsm=1493 -ASTACK=060h-07FFh -pstack=STACK -ACODE=01000h-07FFFh \
  -ACONST=01000h-07FFFh -ASMALLCONST=01000h-010FFhx112 \
  -AMEDIUMCONST=01000h-07FFFh -ACOMRAM=01h-05Fh -AABS1=00h-07FFh \
  -ABIGRAM=01h-07FFh -ARAM=060h-0FFh,0100h-01FFhx7 -ABANK0=060h-0FFh \
  -ABANK1=0100h-01FFh -ABANK2=0200h-02FFh -ABANK3=0300h-03FFh \
  -ABANK4=0400h-04FFh -ABANK5=0500h-05FFh -ABANK6=0600h-06FFh \
  -ABANK7=0700h-07FFh -ASFR=0F53h-0F5Fh,0F60h-0FFFh \
  -preset_vec=01000h,intcode=01008h,intcodelo,powerup,init -pramtop=0800h \
  -psmallconst=SMALLCONST -pmediumconst=MEDIUMCONST -pconst=CONST \
  -AFARRAM=00h-00h -ACONFIG=0300000h-030000Dh -pconfig=CONFIG \
  -AIDLOC=0200000h-0200007h -pidloc=IDLOC -AEEDATA=0F00000h-0F000FFh \
  -peeprom_data=EEDATA \
  -prdata=COMRAM,nvrram=COMRAM,nvbit=COMRAM,rbss=COMRAM,rbit=COMRAM \
  -pfarbss=FARRAM,fardata=FARRAM,nvFARRAM=FARRAM \
  -pintsave_regs=BIGRAM,bigbss=BIGRAM,bigdata=BIGRAM -pbss=RAM \
  -pidata=CODE,irdata=CODE,ibigdata=CODE,ifardata=CODE -prparam=COMRAM \
  C:\Users\25691\AppData\Local\Temp\scb8.o \
  dist/default/production\I2C_slave.X.production.o 

Object code version is 3.11

Machine type is 18F25K50

Call graph: (short form)




                Name                               Link     Load   Length Selector   Space Scale
C:\Users\25691\AppData\Local\Temp\scb8.o
                init                               115E     115E        4      804       0
                reset_vec                          1000     1000        4      800       0
                idloc                            200000   200000        8   200000       0
                config                           300000   300000        E   300000       0
dist/default/production\I2C_slave.X.production.o
                intcode                            1008     1008      156      804       0
                temp                                 24       24        1        1       1
                text4                              1162     1162       3E      804       0
                text2                              11D2     11D2       2A      804       0
                text1                              1224     1224       1A      804       0
                text0                              11A0     11A0       32      804       0
                cstackCOMRAM                         1C       1C        7        1       1
                dataCOMRAM                           23       23        1        1       1
                bssCOMRAM                             1        1       1B        1       1
                cinit                              11FC     11FC       28      804       0
                idataCOMRAM                        123E     123E        1      804       0

TOTAL           Name                               Link     Load   Length     Space
        CLASS   STACK          

        CLASS   CODE           
                intcode                            1008     1008      156         0
                init                               115E     115E        4         0
                reset_vec                          1000     1000        4         0
                text4                              1162     1162       3E         0
                text2                              11D2     11D2       2A         0
                text1                              1224     1224       1A         0
                text0                              11A0     11A0       32         0
                cinit                              11FC     11FC       28         0
                idataCOMRAM                        123E     123E        1         0

        CLASS   CONST          

        CLASS   SMALLCONST     

        CLASS   MEDIUMCONST    

        CLASS   COMRAM         
                temp                                 24       24        1         1
                cstackCOMRAM                         1C       1C        7         1
                dataCOMRAM                           23       23        1         1
                bssCOMRAM                             1        1       1B         1

        CLASS   ABS1           

        CLASS   BIGRAM         

        CLASS   RAM            

        CLASS   BANK0          

        CLASS   BANK1          

        CLASS   BANK2          

        CLASS   BANK3          

        CLASS   BANK4          

        CLASS   BANK5          

        CLASS   BANK6          

        CLASS   BANK7          

        CLASS   SFR            

        CLASS   FARRAM         

        CLASS   CONFIG         
                config                           300000   300000        E         0

        CLASS   IDLOC          
                idloc                            200000   200000        8         0

        CLASS   EEDATA         



SEGMENTS        Name                           Load    Length   Top    Selector   Space  Class

                bssCOMRAM                      000001  000024  000025         1       1  COMRAM  
                reset_vec                      001000  000004  001004       800       0  CODE    
                intcode                        001008  000237  00123F       804       0  CODE    
                idloc                          200000  000008  200008    200000       0  IDLOC   
                config                         300000  00000E  30000E    300000       0  CONFIG  


UNUSED ADDRESS RANGES

        Name                Unused          Largest block    Delta
        BANK0            000060-0000FF               A0
        BANK1            000100-0001FF              100
        BANK2            000200-0002FF              100
        BANK3            000300-0003FF              100
        BANK4            000400-0004FF              100
        BANK5            000500-0005FF              100
        BANK6            000600-0006FF              100
        BANK7            000700-0007FF              100
        BIGRAM           000025-0007FF              7DB
        CODE             001004-001007                4
                         00123F-007FFF             6DC1
        COMRAM           000025-00005F               3B
        CONST            001004-001007                4
                         00123F-007FFF             6DC1
        EEDATA           F00000-F000FF              100
        FARRAM           000000-000000                1
        MEDIUMCONST      001004-001007                4
                         00123F-007FFF             6DC1
        RAM              000060-0007FF              100
        SFR              000F53-000FFF                D
        SMALLCONST       001004-001007                4
                         00123F-007FFF              100
        STACK            000060-0007FF              7A0

                                  Symbol Table

_ADCON1                  (abs)        000FC1
_ANSELA                  (abs)        000F5B
_CM1CON0                 (abs)        000F98
_I2Cstatus               bssCOMRAM    000017
_INTCONbits              (abs)        000FF2
_LATA                    (abs)        000F89
_LATB                    (abs)        000F8A
_LATC                    (abs)        000F8B
_LATCbits                (abs)        000F8B
_PIE1bits                (abs)        000F9D
_PIR1bits                (abs)        000F9E
_RxStatus                bssCOMRAM    000018
_Rxbuf                   bssCOMRAM    000001
_SSPADD                  (abs)        000FC8
_SSPBUF                  (abs)        000FC9
_SSPCON1                 (abs)        000FC6
_SSPCON1bits             (abs)        000FC6
_SSPCON2                 (abs)        000FC5
_SSPSTAT                 (abs)        000FC7
_SSPSTATbits             (abs)        000FC7
_TRISA                   (abs)        000F92
_TRISB                   (abs)        000F93
_TRISBbits               (abs)        000F93
_TRISC                   (abs)        000F94
_Txbuf                   bssCOMRAM    00000C
__HRAM                   (abs)        000000
__Habs1                  abs1         000000
__Hbank0                 bank0        000000
__Hbank1                 bank1        000000
__Hbank2                 bank2        000000
__Hbank3                 bank3        000000
__Hbank4                 bank4        000000
__Hbank5                 bank5        000000
__Hbank6                 bank6        000000
__Hbank7                 bank7        000000
__Hbigbss                bigbss       000000
__Hbigdata               bigdata      000000
__Hbigram                bigram       000000
__Hbss                   bss          000000
__HbssCOMRAM             bssCOMRAM    000000
__Hcinit                 cinit        000000
__Hclrtext               clrtext      000000
__Hcomram                comram       000000
__Hconfig                config       30000E
__Hconst                 const        000000
__HcstackCOMRAM          cstackCOMRAM 000000
__Hdata                  data         000000
__HdataCOMRAM            dataCOMRAM   000000
__Heeprom_data           eeprom_data  000000
__Hfarbss                farbss       000000
__Hfardata               fardata      000000
__Hibigdata              ibigdata     000000
__Hidata                 idata        000000
__HidataCOMRAM           idataCOMRAM  000000
__Hidloc                 idloc        200008
__Hifardata              ifardata     000000
__Hinit                  init         001162
__Hintcode               intcode      00115E
__Hintcode_body          intcode_body 000000
__Hintcodelo             intcodelo    00115E
__Hintentry              intentry     000000
__Hintret                intret       000000
__Hintsave_regs          intsave_regs 000000
__Hirdata                irdata       000000
__Hmediumconst           mediumconst  000000
__HnvFARRAM              nvFARRAM     000000
__Hnvbit                 nvbit        000000
__Hnvrram                nvrram       000000
__Hparam                 rparam       000000
__Hpowerup               powerup      00115E
__Hram                   ram          000000
__Hramtop                ramtop       000800
__Hrbit                  rbit         000000
__Hrbss                  rbss         000000
__Hrdata                 rdata        000000
__Hreset_vec             reset_vec    001004
__Hrparam                rparam       000000
__Hsfr                   sfr          000000
__Hsmallconst            smallconst   000000
__Hspace_0               (abs)        30000E
__Hspace_1               (abs)        000025
__Hspace_2               (abs)        000000
__Hstack                 stack        000000
__Hstruct                struct       000000
__Htemp                  temp         000025
__Htext                  text         000000
__Htext0                 text0        000000
__Htext1                 text1        000000
__Htext2                 text2        000000
__Htext4                 text4        000000
__LRAM                   (abs)        000001
__Labs1                  abs1         000000
__Lbank0                 bank0        000000
__Lbank1                 bank1        000000
__Lbank2                 bank2        000000
__Lbank3                 bank3        000000
__Lbank4                 bank4        000000
__Lbank5                 bank5        000000
__Lbank6                 bank6        000000
__Lbank7                 bank7        000000
__Lbigbss                bigbss       000000
__Lbigdata               bigdata      000000
__Lbigram                bigram       000000
__Lbss                   bss          000000
__LbssCOMRAM             bssCOMRAM    000000
__Lcinit                 cinit        000000
__Lclrtext               clrtext      000000
__Lcomram                comram       000000
__Lconfig                config       300000
__Lconst                 const        000000
__LcstackCOMRAM          cstackCOMRAM 000000
__Ldata                  data         000000
__LdataCOMRAM            dataCOMRAM   000000
__Leeprom_data           eeprom_data  000000
__Lfarbss                farbss       000000
__Lfardata               fardata      000000
__Libigdata              ibigdata     000000
__Lidata                 idata        000000
__LidataCOMRAM           idataCOMRAM  000000
__Lidloc                 idloc        200000
__Lifardata              ifardata     000000
__Linit                  init         00115E
__Lintcode               intcode      001008
__Lintcode_body          intcode_body 000000
__Lintcodelo             intcodelo    00115E
__Lintentry              intentry     000000
__Lintret                intret       000000
__Lintsave_regs          intsave_regs 000000
__Lirdata                irdata       000000
__Lmediumconst           mediumconst  000000
__LnvFARRAM              nvFARRAM     000000
__Lnvbit                 nvbit        000000
__Lnvrram                nvrram       000000
__Lparam                 rparam       000000
__Lpowerup               powerup      00115E
__Lram                   ram          000000
__Lramtop                ramtop       000800
__Lrbit                  rbit         000000
__Lrbss                  rbss         000000
__Lrdata                 rdata        000000
__Lreset_vec             reset_vec    001000
__Lrparam                rparam       000000
__Lsfr                   sfr          000000
__Lsmallconst            smallconst   000000
__Lspace_0               (abs)        000000
__Lspace_1               (abs)        000000
__Lspace_2               (abs)        000000
__Lstack                 stack        000000
__Lstruct                struct       000000
__Ltemp                  temp         000024
__Ltext                  text         000000
__Ltext0                 text0        000000
__Ltext1                 text1        000000
__Ltext2                 text2        000000
__Ltext4                 text4        000000
__S0                     (abs)        30000E
__S1                     (abs)        000025
__S2                     (abs)        000000
___inthi_sp              stack        000000
___intlo_sp              stack        000000
___param_bank            (abs)        000000
___rparam_used           (abs)        000001
___sp                    stack        000000
__accesstop              (abs)        000060
__activetblptr           (abs)        000000
__end_of__initialization cinit        00121A
__end_of_high_ISR        intcode      00115E
__end_of_init_Chip       text2        0011FC
__end_of_init_I2C        text1        00123E
__end_of_main            text0        0011D2
__end_of_writePortB      text4        0011A0
__initialization         cinit        0011FC
__mediumconst            mediumconst  000000
__pbssCOMRAM             bssCOMRAM    000001
__pcinit                 cinit        0011FC
__pcstackCOMRAM          cstackCOMRAM 00001C
__pdataCOMRAM            dataCOMRAM   000023
__pidataCOMRAM           idataCOMRAM  00123E
__pintcode               intcode      001008
__ptext0                 text0        0011A0
__ptext1                 text1        001224
__ptext2                 text2        0011D2
__ptext4                 text4        001162
__ramtop                 ramtop       000800
__size_of_high_ISR       (abs)        000000
__size_of_init_Chip      (abs)        000000
__size_of_init_I2C       (abs)        000000
__size_of_main           (abs)        000000
__size_of_writePortB     (abs)        000000
__smallconst             smallconst   000000
_addr                    bssCOMRAM    00001A
_data                    bssCOMRAM    00001B
_data_past               bssCOMRAM    000019
_high_ISR                intcode      001008
_init_Chip               text2        0011D2
_init_I2C                text1        001224
_main                    text0        0011A0
_sent                    dataCOMRAM   000023
_writePortB              text4        001162
btemp                    temp         000024
end_of_initialization    cinit        00121A
int$flags                temp         000024
intlevel0                text         000000
intlevel1                text         000000
intlevel2                text         000000
intlevel3                text         000000
stackhi                  (abs)        0007FF
stacklo                  (abs)        000060
start                    init         00115E
start_initialization     cinit        0011FC
ttemp5                   temp         000025
ttemp6                   temp         000028
ttemp7                   temp         00002C
writePortB@data          cstackCOMRAM 00001D
wtemp8                   temp         000025


FUNCTION INFORMATION:

 *************** function _main *****************
 Defined at:
		line 53 in file "I2C_slave.c"
 Parameters:    Size  Location     Type
		None
 Auto vars:     Size  Location     Type
		None
 Return value:  Size  Location     Type
                  1    wreg      void 
 Registers used:
		wreg, status,2, cstack
 Tracked objects:
		On entry : 
		On exit  : 
		Unchanged: 
 Data sizes:     COMRAM   BANK0   BANK1   BANK2   BANK3   BANK4   BANK5   BANK6   BANK7
      Params:         0       0       0       0       0       0       0       0       0
      Locals:         0       0       0       0       0       0       0       0       0
      Temps:          1       0       0       0       0       0       0       0       0
      Totals:         1       0       0       0       0       0       0       0       0
Total ram usage:        1 bytes
 Hardware stack levels required when called:    3
 This function calls:
		_init_Chip
		_init_I2C
 This function is called by:
		Startup code after reset
 This function uses a non-reentrant model


 *************** function _init_I2C *****************
 Defined at:
		line 86 in file "I2C_slave.c"
 Parameters:    Size  Location     Type
		None
 Auto vars:     Size  Location     Type
		None
 Return value:  Size  Location     Type
                  1    wreg      void 
 Registers used:
		wreg, status,2
 Tracked objects:
		On entry : 
		On exit  : 
		Unchanged: 
 Data sizes:     COMRAM   BANK0   BANK1   BANK2   BANK3   BANK4   BANK5   BANK6   BANK7
      Params:         0       0       0       0       0       0       0       0       0
      Locals:         0       0       0       0       0       0       0       0       0
      Temps:          0       0       0       0       0       0       0       0       0
      Totals:         0       0       0       0       0       0       0       0       0
Total ram usage:        0 bytes
 Hardware stack levels used:    1
 Hardware stack levels required when called:    2
 This function calls:
		Nothing
 This function is called by:
		_main
 This function uses a non-reentrant model


 *************** function _init_Chip *****************
 Defined at:
		line 72 in file "I2C_slave.c"
 Parameters:    Size  Location     Type
		None
 Auto vars:     Size  Location     Type
		None
 Return value:  Size  Location     Type
                  1    wreg      void 
 Registers used:
		wreg, status,2
 Tracked objects:
		On entry : 
		On exit  : 
		Unchanged: 
 Data sizes:     COMRAM   BANK0   BANK1   BANK2   BANK3   BANK4   BANK5   BANK6   BANK7
      Params:         0       0       0       0       0       0       0       0       0
      Locals:         0       0       0       0       0       0       0       0       0
      Temps:          0       0       0       0       0       0       0       0       0
      Totals:         0       0       0       0       0       0       0       0       0
Total ram usage:        0 bytes
 Hardware stack levels used:    1
 Hardware stack levels required when called:    2
 This function calls:
		Nothing
 This function is called by:
		_main
 This function uses a non-reentrant model


 *************** function _high_ISR *****************
 Defined at:
		line 112 in file "I2C_slave.c"
 Parameters:    Size  Location     Type
		None
 Auto vars:     Size  Location     Type
		None
 Return value:  Size  Location     Type
                  1    wreg      void 
 Registers used:
		wreg, fsr1l, fsr1h, fsr2l, fsr2h, status,2, status,0, cstack
 Tracked objects:
		On entry : 
		On exit  : 
		Unchanged: 
 Data sizes:     COMRAM   BANK0   BANK1   BANK2   BANK3   BANK4   BANK5   BANK6   BANK7
      Params:         0       0       0       0       0       0       0       0       0
      Locals:         0       0       0       0       0       0       0       0       0
      Temps:          4       0       0       0       0       0       0       0       0
      Totals:         4       0       0       0       0       0       0       0       0
Total ram usage:        4 bytes
 Hardware stack levels used:    1
 Hardware stack levels required when called:    1
 This function calls:
		_writePortB
 This function is called by:
		Interrupt level 2
 This function uses a non-reentrant model


 *************** function _writePortB *****************
 Defined at:
		line 101 in file "I2C_slave.c"
 Parameters:    Size  Location     Type
  data            1    wreg     unsigned char 
 Auto vars:     Size  Location     Type
  data            1    1[COMRAM] unsigned char 
 Return value:  Size  Location     Type
                  1    wreg      void 
 Registers used:
		wreg, status,2, status,0
 Tracked objects:
		On entry : 
		On exit  : 
		Unchanged: 
 Data sizes:     COMRAM   BANK0   BANK1   BANK2   BANK3   BANK4   BANK5   BANK6   BANK7
      Params:         0       0       0       0       0       0       0       0       0
      Locals:         1       0       0       0       0       0       0       0       0
      Temps:          1       0       0       0       0       0       0       0       0
      Totals:         2       0       0       0       0       0       0       0       0
Total ram usage:        2 bytes
 Hardware stack levels used:    1
 This function calls:
		Nothing
 This function is called by:
		_high_ISR
 This function uses a non-reentrant model



MODULE INFORMATION

Module		Function		Class		Link	Load	Size
shared
		__initialization		CODE           	11FC	0000	31

shared estimated size: 31

I2C_slave.c
		_main          		CODE           	11A0	0000	51
		_high_ISR      		CODE           	1008	0000	343
		_writePortB    		CODE           	1162	0000	63
		_init_I2C      		CODE           	1224	0000	27
		_init_Chip     		CODE           	11D2	0000	43

I2C_slave.c estimated size: 527

